// Jest Snapshot v1, https://goo.gl/fbAQLP

exports[`Meals should match with snapshot 1`] = `<div />`;
