// Jest Snapshot v1, https://goo.gl/fbAQLP

exports[`AdminItemList should match with snapshot 1`] = `
<div
  className="form-wrapper"
>
  <form
    className="search-form"
    onSubmit={[Function]}
  >
    <input
      className="search-input"
      onChange={[Function]}
      type="text"
      value=""
    />
  </form>
</div>
`;

exports[`SearchInput should match with snapshot 1`] = `
<div
  className="form-wrapper"
>
  <form
    className="search-form"
    onSubmit={[Function]}
  >
    <input
      className="search-input"
      onChange={[Function]}
      type="text"
      value=""
    />
  </form>
</div>
`;
