// Jest Snapshot v1, https://goo.gl/fbAQLP

exports[`Meal should match with snapshot 1`] = `<div />`;

exports[`SearchMeal should match with snapshot 1`] = `<div />`;

exports[`SearchMeals should match with snapshot 1`] = `<div />`;
